// Jest Snapshot v1, https://goo.gl/fbAQLP

exports[`Testing Projects Component should take snapshot 1`] = `
.c0 {
  color: var(--text-color);
  font-size: 1.3125rem;
  margin-bottom: 30px;
  text-align: center;
  font-weight: 600;
}

.c2 {
  max-width: 300px;
  margin: 40px auto 0;
}

.c1 {
  color: var(--text-color);
  text-align: center;
}

.c3 {
  display: -webkit-box;
  display: -webkit-flex;
  display: -ms-flexbox;
  display: flex;
  -webkit-box-pack: center;
  -webkit-justify-content: center;
  -ms-flex-pack: center;
  justify-content: center;
  -webkit-align-items: center;
  -webkit-box-align: center;
  -ms-flex-align: center;
  align-items: center;
  width: 100%;
  height: 100%;
}

<body>
  <div>
    <div
      id="projects"
    >
      <h2
        class="c0"
      >
        projects.title
      </h2>
      <p
        class="c1"
      >
        projects.description
      </p>
      <div
        class="c2"
      >
        <div
          class="c3"
        >
          <div
            aria-busy="true"
            aria-live="polite"
            class="ant-spin ant-spin-spinning"
          >
            <span
              aria-label="loading"
              class="anticon anticon-loading anticon-spin ant-spin-dot"
              role="img"
              style="font-size: 36px;"
            >
              <svg
                aria-hidden="true"
                data-icon="loading"
                fill="currentColor"
                focusable="false"
                height="1em"
                viewBox="0 0 1024 1024"
                width="1em"
              >
                <path
                  d="M988 548c-19.9 0-36-16.1-36-36 0-59.4-11.6-117-34.6-171.3a440.45 440.45 0 00-94.3-139.9 437.71 437.71 0 00-139.9-94.3C629 83.6 571.4 72 512 72c-19.9 0-36-16.1-36-36s16.1-36 36-36c69.1 0 136.2 13.5 199.3 40.3C772.3 66 827 103 874 150c47 47 83.9 101.8 109.7 162.7 26.7 63.1 40.2 130.2 40.2 199.3.1 19.9-16 36-35.9 36z"
                />
              </svg>
            </span>
          </div>
        </div>
      </div>
    </div>
  </div>
</body>
`;
